=== POSITIONS ===
RELIANCE.NS | Action: BUY | Entry: 1397.8 | Cost: 1397.8
INFY.NS | Action: SELL | Entry: 1296.0 | Cost: 1296.0
SBIN.NS | Action: SELL | Entry: 1080.2 | Cost: 1080.2
TCS.NS | Action: SELL | Entry: 2541.9 | Cost: 2541.9
HCLTECH.NS | Action: BUY | Entry: 1368.2 | Cost: 1368.2
WIPRO.NS | Action: SELL | Entry: 196.07 | Cost: 196.07
HDFCBANK.NS | Action: SELL | Entry: 840.1 | Cost: 840.1

=== HISTORY ===
TCS.NS | Action: SELL | Entry: 2547.8 | Exit: 2546.7 | PnL: 1.1
HDFCBANK.NS | Action: SELL | Entry: 840.1 | Exit: 840.15 | PnL: -0.05
SBIN.NS | Action: BUY | Entry: 1082.2 | Exit: 1082.8 | PnL: 0.6
HCLTECH.NS | Action: BUY | Entry: 1368.0 | Exit: 1368.9 | PnL: 0.9
WIPRO.NS | Action: SELL | Entry: 196.65 | Exit: 196.65 | PnL: 0.0
HDFCBANK.NS | Action: BUY | Entry: 836.5 | Exit: 839.2 | PnL: 2.7
HCLTECH.NS | Action: BUY | Entry: 1370.2 | Exit: 1368.5 | PnL: -1.7
WIPRO.NS | Action: SELL | Entry: 196.82 | Exit: 196.85 | PnL: -0.03
HCLTECH.NS | Action: BUY | Entry: 1371.9 | Exit: 1371.1 | PnL: -0.8
RELIANCE.NS | Action: BUY | Entry: 1394.0 | Exit: 1393.9 | PnL: -0.1
TCS.NS | Action: BUY | Entry: 2547.9 | Exit: 2546.2 | PnL: -1.7
INFY.NS | Action: SELL | Entry: 1297.7 | Exit: 0.0 | PnL: 1297.7
HCLTECH.NS | Action: BUY | Entry: 1370.9 | Exit: 1270.7 | PnL: -100.2
WIPRO.NS | Action: SELL | Entry: 196.47 | Exit: 2547.5 | PnL: -2351.03
RELIANCE.NS | Action: BUY | Entry: 1395.1 | Exit: 836.6 | PnL: -558.5

=== YFINANCE PRICES ===
RELIANCE: 1401.0
TCS: 2547.800048828125
INFY: 1299.300048828125
SBIN: 1082.699951171875
HCLTECH: 1369.800048828125
WIPRO: 196.75
